EVA3_6_CURSORES

MySQL Shell 8.0.38

Copyright (c) 2016, 2024, Oracle and/or its affiliates.
Oracle is a registered trademark of Oracle Corporation and/or its affiliates.
Other names may be trademarks of their respective owners.

Type '\help' or '\?' for help; '\quit' to exit.
 MySQL  JS > \sql
Switching to SQL mode... Commands end with ;
 MySQL  SQL > \connect --mc root@localhost
Creating a Classic session to 'root@localhost'
Fetching global names for auto-completion... Press ^C to stop.
Your MySQL connection id is 70
Server version: 8.0.39 MySQL Community Server - GPL
No default schema selected; type \use <schema> to set one.
 MySQL  localhost:3306 ssl  SQL > show database
                               -> ;
ERROR: 1064 (42000): You have an error in your SQL syntax; check the manual that corresponds to your MySQL server version for the right syntax to use near 'database' at line 1
 MySQL  localhost:3306 ssl  SQL > show databases ;
+--------------------+
| Database           |
+--------------------+
| empresa            |
| empresa2           |
| information_schema |
| mysql              |
| performance_schema |
| sakila             |
| sys                |
| tbd_eva1           |
| tbd_eva2           |
| tbd_eva3           |
| world              |
+--------------------+
11 rows in set (0.0019 sec)
 MySQL  localhost:3306 ssl  SQL > use tbd_eva3
Default schema set to `tbd_eva3`.
Fetching global names, object names from `tbd_eva3` for auto-completion... Press ^C to stop.
 MySQL  localhost:3306 ssl  tbd_eva3  SQL > create table prueba(id int key not null);
Query OK, 0 rows affected (0.0749 sec)
 MySQL  localhost:3306 ssl  tbd_eva3  SQL > desc prueba;
+-------+------+------+-----+---------+-------+
| Field | Type | Null | Key | Default | Extra |
+-------+------+------+-----+---------+-------+
| id    | int  | NO   | PRI | NULL    |       |
+-------+------+------+-----+---------+-------+
1 row in set (0.0047 sec)
 MySQL  localhost:3306 ssl  tbd_eva3  SQL > call insertar_prueba()1;
ERROR: 1064 (42000): You have an error in your SQL syntax; check the manual that corresponds to your MySQL server version for the right syntax to use near '1' at line 1
 MySQL  localhost:3306 ssl  tbd_eva3  SQL > call insertar_prueba(1);
+----------------+
| mensaje        |
+----------------+
| CLAVE CORRECTA |
+----------------+
1 row in set (0.0222 sec)

Query OK, 0 rows affected (0.0222 sec)
 MySQL  localhost:3306 ssl  tbd_eva3  SQL > call insertar_prueba(1);
+------------------------+
| mensaje                |
+------------------------+
| ERROR: CLAVE DUPLICADA |
+------------------------+
1 row in set (0.0122 sec)

Query OK, 0 rows affected (0.0122 sec)
 MySQL  localhost:3306 ssl  tbd_eva3  SQL > use empresa2
Default schema set to `empresa2`.
Fetching global names, object names from `empresa2` for auto-completion... Press ^C to stop.
 MySQL  localhost:3306 ssl  empresa2  SQL > des country;
ERROR: 1064 (42000): You have an error in your SQL syntax; check the manual that corresponds to your MySQL server version for the right syntax to use near 'des country' at line 1
 MySQL  localhost:3306 ssl  empresa2  SQL > des countrys;
ERROR: 1064 (42000): You have an error in your SQL syntax; check the manual that corresponds to your MySQL server version for the right syntax to use near 'des countrys' at line 1
 MySQL  localhost:3306 ssl  empresa2  SQL > show tables;
+--------------------+
| Tables_in_empresa2 |
+--------------------+
| countries          |
| departments        |
| employees          |
| job_history        |
| jobs               |
| locations          |
| regions            |
+--------------------+
7 rows in set (0.0027 sec)
 MySQL  localhost:3306 ssl  empresa2  SQL > des countries;
ERROR: 1064 (42000): You have an error in your SQL syntax; check the manual that corresponds to your MySQL server version for the right syntax to use near 'des countries' at line 1
 MySQL  localhost:3306 ssl  empresa2  SQL > desc countries;
+--------------+---------------+------+-----+---------+-------+
| Field        | Type          | Null | Key | Default | Extra |
+--------------+---------------+------+-----+---------+-------+
| COUNTRY_ID   | varchar(2)    | NO   | PRI | NULL    |       |
| COUNTRY_NAME | varchar(40)   | YES  |     | NULL    |       |
| REGION_ID    | decimal(10,0) | YES  | MUL | NULL    |       |
+--------------+---------------+------+-----+---------+-------+
3 rows in set (0.0032 sec)
 MySQL  localhost:3306 ssl  empresa2  SQL > set @valor = 0;
Query OK, 0 rows affected (0.0007 sec)
 MySQL  localhost:3306 ssl  empresa2  SQL > call contador_paises(@valor);
ERROR: 1305 (42000): PROCEDURE empresa2.contador_paises does not exist
 MySQL  localhost:3306 ssl  empresa2  SQL > call contar_paises(@valor);
Query OK, 0 rows affected (0.0147 sec)
 MySQL  localhost:3306 ssl  empresa2  SQL > select @valor;
+--------+
| @valor |
+--------+
|     30 |
+--------+
1 row in set (0.0006 sec)
 MySQL  localhost:3306 ssl  empresa2  SQL > select * from countries;
+------------+--------------------------+-----------+
| COUNTRY_ID | COUNTRY_NAME             | REGION_ID |
+------------+--------------------------+-----------+
| AR         | Argentina                |         2 |
| AU         | Australia                |         3 |
| BE         | Belgium                  |         1 |
| BR         | Brazil                   |         2 |
| CA         | Canada                   |         2 |
| CH         | Switzerland              |         1 |
| CN         | China                    |         3 |
| DE         | Germany                  |         1 |
| DK         | Denmark                  |         1 |
| EG         | Egypt                    |         4 |
| EL         | YETI                     |         1 |
| FR         | France                   |         1 |
| HK         | HongKong                 |         3 |
| IL         | Israel                   |         4 |
| IN         | India                    |         3 |
| IT         | Italy                    |         1 |
| JP         | Japan                    |         3 |
| KW         | Kuwait                   |         4 |
| MX         | Mexico                   |         2 |
| NG         | Nigeria                  |         4 |
| NL         | Netherlands              |         1 |
| PE         | SIN PAIS                 |         1 |
| PG         | PANGEA                   |      NULL |
| PP         | NULL                     |      NULL |
| SG         | Singapore                |         3 |
| UK         | United Kingdom           |         1 |
| US         | United States of America |         2 |
| ZM         | Zambia                   |         4 |
| ZW         | Zimbabwe                 |         4 |
+------------+--------------------------+-----------+
29 rows in set (0.0021 sec)
 MySQL  localhost:3306 ssl  empresa2  SQL >